<html>
<body>
<pre>
<h1>µVision Build Log</h1>
<h2>Tool Versions:</h2>
IDE-Version: ¶ÃVision V5.14.0.0
Copyright (C) 2015 ARM Ltd and ARM Germany GmbH. All rights reserved.
License Information: PXL pxl, hfut, LIC=S5IHL-0LYFG-LT23E-51GAA-PL12S-IQCYH
 
Tool Versions:
Toolchain:       MDK-ARM Professional  Version: 5.14.0.0
Toolchain Path:  E:\MDK5\ARM\ARMCC\Bin
C Compiler:      Armcc.exe V5.05 update 1 (build 106)
Assembler:       Armasm.exe V5.05 update 1 (build 106)
Linker/Locator:  ArmLink.exe V5.05 update 1 (build 106)
Library Manager: ArmAr.exe V5.05 update 1 (build 106)
Hex Converter:   FromElf.exe V5.05 update 1 (build 106)
CPU DLL:         SARMCM3.DLL V5.14.0.0
Dialog DLL:      DARMSTM.DLL V1.65.0.0
Target DLL:      Segger\JL2CM3.dll V2.99.13.0
Dialog DLL:      TARMSTM.DLL V1.64.0.0
 
<h2>Project:</h2>
C:\Users\12551\Desktop\ican‘¥¬Î÷’∏Â\rx\USER\RTC.uvprojx
Project File Date:  03/30/2019

<h2>Output:</h2>
Build target 'RTC'
compiling main.c...
main.c(64): warning:  #223-D: function "TIM2CH3_PWM_Init" declared implicitly
        TIM2CH3_PWM_Init(8999,0);
main.c(322): warning:  #223-D: function "RTC_IRQHandler" declared implicitly
                        RTC_IRQHandler();
main.c(38): warning:  #550-D: variable "t" was set but never used
         u8 t=0;
main.c: 3 warnings, 0 errors
compiling system_stm32f10x.c...
compiling stm32f10x_it.c...
compiling led.c...
compiling key.c...
compiling lcd.c...
compiling rtc.c...
compiling beep.c...
compiling driver.c...
..\HARDWARE\DRIVER\driver.c(31): warning:  #1-D: last line of file ends without a newline
   
..\HARDWARE\DRIVER\driver.c: 1 warning, 0 errors
compiling 24l01.c...
compiling pwm.c...
compiling spi.c...
compiling delay.c...
compiling sys.c...
compiling usart.c...
compiling core_cm3.c...
assembling startup_stm32f10x_hd.s...
compiling misc.c...
compiling stm32f10x_bkp.c...
compiling stm32f10x_fsmc.c...
compiling stm32f10x_gpio.c...
compiling stm32f10x_pwr.c...
compiling stm32f10x_rcc.c...
compiling stm32f10x_usart.c...
compiling stm32f10x_rtc.c...
compiling stm32f10x_tim.c...
compiling stm32f10x_spi.c...
compiling usmart.c...
compiling usmart_config.c...
compiling usmart_str.c...
linking...
Program Size: Code=43132 RO-data=6716 RW-data=400 ZI-data=5096  
FromELF: creating hex file...
"..\OBJ\RTC.axf" - 0 Error(s), 4 Warning(s).

<h2>Collection of Component include folders:</h2>
  C:\Users\12551\Desktop\ican‘¥¬Î÷’∏Â\rx\USER\RTE
  E:\MDK5\ARM\PACK\Keil\STM32F1xx_DFP\1.0.5\Device\Include

<h2>Collection of Component Files used:</h2>
</pre>
</body>
</html>
